[destination_cpu = a53-0, exception_level = el-3, startup = 0x0, load = 0x0]kernel.bin-kernel_text.part
[destination_cpu = a53-1, exception_level = el-3, startup = 0x0, load = 0x0]kernel.bin-kernel_text.part
[load = 0x58000]kernel.bin-kernel_ro.part
[load = 0x70000]kernel.bin-kernel_data_0.part
[load = 0x72000]kernel_bss_0.fill
[load = 0x74000]kernel.bin-kernel_global_data.part
[load = 0x80000]kernel.bin-kernel_global_rodata.part
[load = 0x90000]kernel.bin-kernel_stack.part.pad

